@!@!@STARTMSG 2262:0 @!@!@
TLC2 Version 2.14 of 10 July 2019 (rev: 0cae24f)
@!@!@ENDMSG 2262 @!@!@
@!@!@STARTMSG 2187:0 @!@!@
Running breadth-first search Model-Checking with fp 6 and seed -9020681683977717109.
@!@!@ENDMSG 2187 @!@!@
@!@!@STARTMSG 2220:0 @!@!@
Starting SANY...
@!@!@ENDMSG 2220 @!@!@
Parsing file /Users/bob/error_message_links.tla
Semantic processing of module error_message_links.tla
@!@!@STARTMSG 2219:0 @!@!@
SANY finished.
@!@!@ENDMSG 2219 @!@!@
@!@!@STARTMSG 2185:0 @!@!@
Starting... (2019-08-17 02:37:50)
@!@!@ENDMSG 2185 @!@!@
@!@!@STARTMSG 2189:0 @!@!@
Computing initial states...
@!@!@ENDMSG 2189 @!@!@
@!@!@STARTMSG 2190:0 @!@!@
Finished computing initial states: 1 distinct state generated at 2019-08-17 02:37:50.
@!@!@ENDMSG 2190 @!@!@
@!@!@STARTMSG 2103:1 @!@!@
The error occurred when TLC was evaluating the nested
expressions at the following positions:
0. Line 38, column 10 to line 50, column 44 in error_message_links
1. Line 40, column 13 to line 42, column 24 in error_message_links


@!@!@ENDMSG 2103 @!@!@
@!@!@STARTMSG 2200:0 @!@!@
Progress(3) at 2019-08-17 02:37:50: 4 states generated (232 s/min), 4 distinct states found (232 ds/min), 1 states left on queue.
@!@!@ENDMSG 2200 @!@!@
@!@!@STARTMSG 2199:0 @!@!@
4 states generated, 4 distinct states found, 1 states left on queue.
@!@!@ENDMSG 2199 @!@!@
@!@!@STARTMSG 2186:0 @!@!@
Finished in 1041ms at (2019-08-17 02:37:51)
@!@!@ENDMSG 2186 @!@!@
