@!@!@STARTMSG 2262:0 @!@!@
TLC2 Version 2.14 of 10 July 2019 (rev: 0cae24f)
@!@!@ENDMSG 2262 @!@!@
@!@!@STARTMSG 2187:0 @!@!@
Running breadth-first search Model-Checking with fp 86 and seed -5126315020031287108.
@!@!@ENDMSG 2187 @!@!@
@!@!@STARTMSG 2220:0 @!@!@
Starting SANY...
@!@!@ENDMSG 2220 @!@!@
Parsing file /Users/alice/TLA/foo.tla
Semantic processing of module foo

*** Warnings: 1
line 5, col 8 to line 5, col 8 of module foo
Multiple declarations of operator `a'.

@!@!@STARTMSG 2219:0 @!@!@
SANY finished.
@!@!@ENDMSG 2219 @!@!@
@!@!@STARTMSG 2185:0 @!@!@
Starting... (2019-08-17 02:04:44)
@!@!@ENDMSG 2185 @!@!@
@!@!@STARTMSG 2186:0 @!@!@
Finished in 380ms at (2019-08-17 02:04:44)
@!@!@ENDMSG 2186 @!@!@
